// Jest Snapshot v1, https://goo.gl/fbAQLP

exports[`<Blabla /> should render the heading 1`] = `
<main
  class=""
>
  <h1>
    Blabla
  </h1>
</main>
`;
